
Running 1 test using 1 worker

[1A[2K[1/1] [chromium] › e2e/checkout.spec.ts:7:7 › E2E Checkout Flow (Real User) › should allow user to purchase items
[1A[2K[chromium] › e2e/checkout.spec.ts:7:7 › E2E Checkout Flow (Real User) › should allow user to purchase items
Page content: addEventListener("submit",function(a){if(!a.defaultPrevented){var c=a.target,d=a.submitter,e=c.action,b=d;if(d){var f=d.getAttribute("formAction");null!=f&&(e=f,b=null)}"javascript:throw new Error('React form unexpectedly submitted.')"===e&&(a.preventDefault(),b?(a=document.createElement("input"),a.name=b.name,a.value=b.value,b.parentNode.insertBefore(a,b),b=new FormData(c),a.parentNode.removeChild(a)):b=new FormData(c),a=c.ownerDocument||c,(a.$$reactFormReplay=a.$$reactFormReplay||[]).push(c,d,b))}});self.__next_r="InV_yJ20saFXUR9cuu5In"(self.__next_f=self.__next_f||[]).push([0])self.__next_f.push([1,"a:I[\"[project]/node_modules/next/dist/next-devtools/userspace/app/segment-explorer-node.js [app-client] (ecmascript)\",[\"/_next/static/chunks/node_modules_next_dist_be32b49c._.js\",\"/_next/static/chunks/src_app_favicon_ico_mjs_81d86e48._.js\"],\"SegmentViewNode\"]\nc:\"$Sreact.fragment\"\n1c:I[\"[project]/node_modules/next/dist/client/components/layout-router.js [app-client] (ecmascript)\",[\"/_next/static/chunks/node_modules_next_dist_be32b49c._.js\",\"/_next/static/chunks/src_app_favicon_ico_mjs_81d86e48._.js\"],\"default\"]\n1e:I[\"[project]/node_modules/next/dist/client/components/render-from-template-context.js [app-client] (ecmascript)\",[\"/_next/static/chunks/node_modules_next_dist_be32b49c._.js\",\"/_next/static/chunks/src_app_favicon_ico_mjs_81d86e48._.js\"],\"default\"]\n3a:I[\"[project]/src/components/auth/LoginForm.tsx [app-client] (ecmascript)\",[\"/_next/static/chunks/src_app_layout_tsx_1cf6b850._.js\",\"/_next/static/chunks/node_modules_8f8a5b0e._.js\",\"/_next/static/chunks/src_73de4481._.js\",\"/_next/static/chunks/src_app_login_page_tsx_56483325._.js\"],\"LoginForm\"]\n41:I[\"[project]/node_modules/next/dist/lib/framework/boundary-components.js [app-client] (ecmascript)\",[\"/_next/static/chunks/node_modules_next_dist_be32b49c._.js\",\"/_next/static/chunks/src_app_favicon_ico_mjs_81d86e48._.js\"],\"OutletBoundary\"]\n43:\"$Sreact.suspense\"\n4c:I[\"[project]/node_modules/next/dist/lib/framework/boundary-components.js [app-client] (ecmascript)\",[\"/_next/static/chunks/node_modules_next_dist_be32b49c._.js\",\"/_next/static/chunks/src_app_favicon_ico_mjs_81d86e48._.js\"],\"ViewportBoundary\"]\n53:I[\"[project]/node_modules/next/dist/lib/framework/boundary-components.js [app-client] (ecmascript)\",[\"/_next/static/chunks/node_modules_next_dist_be32b49c._.js\",\"/_next/static/chunks/src_app_favicon_ico_mjs_81d86e48._.js\"],\"MetadataBoundary\"]\n59:I[\"[project]/node_modules/next/dist/client/components/builtin/global-error.js [app-client] (ecmascript)\",[\"/_next/static/chunks/node_modules_next_dist_client_components_builtin_global-error_1cf6b850.js\"],\"default\"]\n61:I[\"[project]/node_modules/next/dist/lib/metadata/generate/icon-mark.js [app-client] (ecmascript)\",[\"/_next/static/chunks/node_modules_next_dist_be32b49c._.js\",\"/_next/static/chunks/src_app_favicon_ico_mjs_81d86e48._.js\"],\"IconMark\"]\n:HL[\"/_next/static/chunks/%5Broot-of-the-server%5D__291ba4a9._.css\",\"style\"]\n:HL[\"/_next/static/media/47fe1b7cd6e6ed85-s.p.855a563b.woff2\",\"font\",{\"crossOrigin\":\"\",\"type\":\"font/woff2\"}]\n:HL[\"/_next/static/media/8e6fa89aa22d24ec-s.p.3aec397d.woff2\",\"font\",{\"crossOrigin\":\"\",\"type\":\"font/woff2\"}]\n:HL[\"/_next/static/media/a218039a3287bcfd-s.p.4a23d71b.woff2\",\"font\",{\"crossOrigin\":\"\",\"type\":\"font/woff2\"}]\n:HL[\"/_next/static/media/cf514f5d0007dafa-s.p.417aa1a2.woff2\",\"font\",{\"crossOrigin\":\"\",\"type\":\"font/woff2\"}]\n:HL[\"/_next/static/media/e2334d715941921e-s.p.d82a9aff.woff2\",\"font\",{\"crossOrigin\":\"\",\"type\":\"font/woff2\"}]\n:N1768654611688.8057\n3:\"$EObject.defineProperty(()=\u003e{ctx.componentMod.preloadStyle(fullHref,ctx.renderOpts.crossOrigin,ctx.nonce)},\\\"name\\\",{value:\\\"\\\"})\"\n4:\"$EObject.defineProperty(()=\u003e{ctx.componentMod.preloadFont(href,type,ctx.renderOpts.crossOrigin,ctx.nonce)},\\\"name\\\",{value:\\\"\\\"})\"\n5:\"$EObject.defineProperty(()=\u003e{ctx.componentMod.preloadFont(href,type,ctx.renderOpts.crossOrigin,ctx.nonce)},\\\"name\\\",{value:\\\"\\\"})\"\n6:\"$EObject.defineProperty(()=\u003e{ctx.componentMod.preloadFont(href,type,ctx.renderOpts.crossOrigin,ctx.nonce)},\\\"name\\\",{value:\\\"\\\"})\"\n7:\"$EObject.defineProperty(()=\u003e{ctx.componentMod.preloadFont(href,type,ctx.renderOpts.crossOrigin,ctx.nonce)},\\\"name\\\",{value:\\\"\\\"})\"\n8:\"$EObject.defineProperty(()=\u003e{ctx.componentMod.preloadFont(href,type,ctx.renderOpts.crossOrigin,ctx.nonce)},\\\"name\\\",{value:\\\"\\\"})\"\n2:{\"name\":\"Preloads\",\"key\":null,\"env\":\"Server\",\"stack\":[],\"props\":{\"preloadCallbacks\":[\"$3\",\"$4\",\"$5\",\"$6\",\"$7\",\"$8\"]}}\n9:[]\nb:[]\nd:[[\"Array.map\",\"\",0,0,0,0,false]]\ne:[[\"Array.map\",\"\",0,0,0,0,false]]\n11:I[\"[project]/node_modules/next/dist/client/components/layout-router.js [app-client] (ecmascript)\",[\"/_next/static/chunks/node_modules_next_dist_be32b49c._.js\",\"/_next/st"])self.__next_f.push([1,"atic/chunks/src_app_favicon_ico_mjs_81d86e48._.js\"],\"default\"]\n14:I[\"[project]/node_modules/next/dist/client/components/render-from-template-context.js [app-client] (ecmascript)\",[\"/_next/static/chunks/node_modules_next_dist_be32b49c._.js\",\"/_next/static/chunks/src_app_favicon_ico_mjs_81d86e48._.js\"],\"default\"]\n15:{}\n16:[[\"Promise.all\",\"\",0,0,0,0,true]]\n13:{\"children\":[\"$\",\"$L14\",null,\"$15\",null,\"$16\",1]}\n17:[[\"Promise.all\",\"\",0,0,0,0,true]]\n12:{\"parallelRouterKey\":\"children\",\"error\":\"$undefined\",\"errorStyles\":\"$undefined\",\"errorScripts\":\"$undefined\",\"template\":[\"$\",\"$c\",null,\"$13\",null,\"$17\",0],\"templateStyles\":\"$undefined\",\"templateScripts\":\"$undefined\",\"notFound\":\"$Y\",\"forbidden\":\"$undefined\",\"unauthorized\":\"$undefined\",\"segmentViewBoundaries\":\"$Y\"}\n18:[[\"Promise.all\",\"\",0,0,0,0,true]]\n10:{\"name\":\"RootLayout\",\"key\":null,\"env\":\"Server\",\"stack\":[],\"props\":{\"children\":[\"$\",\"$L11\",null,\"$12\",null,\"$18\",1],\"params\":\"$Y\"}}\n19:[[\"RootLayout\",\"/Users/wanghongjie/Way2AI/human3/ecommerce-demo/.next/dev/server/chunks/ssr/[root-of-the-server]__ce13cb85._.js\",79,263,78,1,false]]\n1a:[[\"RootLayout\",\"/Users/wanghongjie/Way2AI/human3/ecommerce-demo/.next/dev/server/chunks/ssr/[root-of-the-server]__ce13cb85._.js\",81,270,78,1,false]]\n1b:[[\"Promise.all\",\"\",0,0,0,0,true]]\n1d:[[\"Promise.all\",\"\",0,0,0,0,true]]\n1f:[]\n21:{\"name\":\"NotFound\",\"key\":null,\"env\":\"Server\",\"stack\":[],\"props\":{}}\n22:{\"name\":\"HTTPAccessErrorFallback\",\"key\":null,\"env\":\"Server\",\"owner\":\"$21\",\"stack\":[],\"props\":{\"status\":404,\"message\":\"This page could not be found.\"}}\n23:[]\n24:[]\n25:[]\n26:[]\n27:[]\n28:[]\n29:[]\n2a:[[\"Promise.all\",\"\",0,0,0,0,true]]\n2b:[[\"Promise.all\",\"\",0,0,0,0,true]]\n2c:[[\"Promise.all\",\"\",0,0,0,0,true]]\n2d:[[\"Promise.all\",\"\",0,0,0,0,true],[\"Promise.all\",\"\",0,0,0,0,true]]\n2e:[[\"Promise.all\",\"\",0,0,0,0,true],[\"Promise.all\",\"\",0,0,0,0,true]]\n2f:[[\"Promise.all\",\"\",0,0,0,0,true],[\"Promise.all\",\"\",0,0,0,0,true]]\n30:[[\"Promise.all\",\"\",0,0,0,0,true],[\"Promise.all\",\"\",0,0,0,0,true]]\n32:{\"name\":\"LoginPage\",\"key\":null,\"env\":\"Server\",\"stack\":[[\"Promise.all\",\"\",0,0,0,0,true],[\"Promise.all\",\"\",0,0,0,0,true]],\"props\":{\"params\":\"$@33\",\"searchParams\":\"$@34\"}}\n35:[[\"LoginPage\",\"/Users/wanghongjie/Way2AI/human3/ecommerce-demo/.next/dev/server/chunks/ssr/[root-of-the-server]__e6892e53._.js\",353,263,352,1,false]]\n37:{\"name\":\"Header\",\"key\":null,\"env\":\"Server\",\"owner\":\"$32\",\"stack\":[[\"LoginPage\",\"/Users/wanghongjie/Way2AI/human3/ecommerce-demo/.next/dev/server/chunks/ssr/[root-of-the-server]__e6892e53._.js\",356,264,352,1,false]],\"props\":{}}\n38:[[\"LoginPage\",\"/Users/wanghongjie/Way2AI/human3/ecommerce-demo/.next/dev/server/chunks/ssr/[root-of-the-server]__e6892e53._.js\",361,264,352,1,false]]\n39:[[\"LoginPage\",\"/Users/wanghongjie/Way2AI/human3/ecommerce-demo/.next/dev/server/chunks/ssr/[root-of-the-server]__e6892e53._.js\",363,278,352,1,false]]\n3b:[[\"Array.map\",\"\",0,0,0,0,false],[\"Array.map\",\"\",0,0,0,0,false],[\"Promise.all\",\"\",0,0,0,0,true]]\n3c:[[\"Array.map\",\"\",0,0,0,0,false],[\"Array.map\",\"\",0,0,0,0,false],[\"Promise.all\",\"\",0,0,0,0,true]]\n3d:[[\"Array.map\",\"\",0,0,0,0,false],[\"Array.map\",\"\",0,0,0,0,false],[\"Promise.all\",\"\",0,0,0,0,true]]\n3f:{\"name\":\"Next.MetadataOutlet\",\"key\":null,\"env\":\"Server\",\"stack\":[[\"Promise.all\",\"\",0,0,0,0,true],[\"Promise.all\",\"\",0,0,0,0,true]],\"props\":{}}\n40:[]\n42:[]\n45:[]\n"])self.__next_f.push([1,"48:\"$EObject.defineProperty(function(type,config,children){for(var propName,i=2;i\u003carguments.length;i++)validateChildKeys(arguments[i]);i={};var key=null;if(null!=config)for(propName in didWarnAboutOldJSXRuntime||!(\\\"__self\\\"in config)||\\\"key\\\"in config||(didWarnAboutOldJSXRuntime=!0,console.warn(\\\"Your app (or one of its dependencies) is using an outdated JSX transform. Update to the modern JSX transform for faster performance: https://react.dev/link/new-jsx-transform\\\")),hasValidKey(config)\u0026\u0026(checkKeyStringCoercion(config.key),key=\\\"\\\"+config.key),config)hasOwnProperty.call(config,propName)\u0026\u0026\\\"key\\\"!==propName\u0026\u0026\\\"__self\\\"!==propName\u0026\u0026\\\"__source\\\"!==propName\u0026\u0026(i[propName]=config[propName]);var childrenLength=arguments.length-2;if(1===childrenLength)i.children=children;else if(1\u003cchildrenLength){for(var childArray=Array(childrenLength),_i=0;_i\u003cchildrenLength;_i++)childArray[_i]=arguments[_i+2];Object.freeze\u0026\u0026Object.freeze(childArray),i.children=childArray}if(type\u0026\u0026type.defaultProps)for(propName in childrenLength=type.defaultProps)void 0===i[propName]\u0026\u0026(i[propName]=childrenLength[propName]);return key\u0026\u0026function(props,displayName){function warnAboutAccessingKey(){specialPropKeyWarningShown||(specialPropKeyWarningShown=!0,console.error(\\\"%s: `key` is not a prop. Trying to access it will result in `undefined` being returned. If you need to access the same value within the child component, you should pass it as a different prop. (https://react.dev/link/special-props)\\\",displayName))}warnAboutAccessingKey.isReactWarning=!0,Object.defineProperty(props,\\\"key\\\",{get:warnAboutAccessingKey,configurable:!0})}(i,\\\"function\\\"==typeof type?type.displayName||type.name||\\\"Unknown\\\":type),(propName=1e4\u003eReactSharedInternals.recentlyCreatedOwnerStacks++)?(childArray=Error.stackTraceLimit,Error.stackTraceLimit=10,childrenLength=Error(\\\"react-stack-top-frame\\\"),Error.stackTraceLimit=childArray):childrenLength=unknownOwnerDebugStack,ReactElement(type,key,i,getOwner(),childrenLength,propName?createTask(getTaskName(type)):unknownOwnerDebugTask)},\\\"name\\\",{value:\\\"\\\"})\"\n"])self.__next_f.push([1,"47:{\"name\":\"NonIndex\",\"key\":null,\"env\":\"Server\",\"stack\":[],\"props\":{\"createElement\":\"$48\",\"pagePath\":\"/login\",\"statusCode\":200,\"isPossibleServerAction\":false}}\n4a:{\"name\":\"ViewportWrapper\",\"key\":null,\"env\":\"Server\",\"stack\":[],\"props\":{}}\n4b:[]\n4e:{\"name\":\"Next.Viewport\",\"key\":null,\"env\":\"Server\",\"owner\":\"$4a\",\"stack\":[],\"props\":{}}\n50:{\"name\":\"MetadataWrapper\",\"key\":null,\"env\":\"Server\",\"stack\":[],\"props\":{}}\n51:[]\n52:[]\n54:[]\n56:{\"name\":\"Next.Metadata\",\"key\":null,\"env\":\"Server\",\"owner\":\"$50\",\"stack\":[],\"props\":{}}\n57:[]\n5a:[]\n33:{}\n34:\n5b:[]\n5c:[]\n5d:[]\n5e:[]\n5f:[[\"Array.map\",\"\",0,0,0,0,false]]\n60:[]\n1:D{\"time\":0.13700100034475327}\n1:D\"$2\"\n1:D{\"time\":0.16788700222969055}\n1:null\nf:D{\"time\":0.6111050024628639}\nf:D\"$10\"\nf:D{\"time\":0.7004400044679642}\n20:D{\"time\":0.911919005215168}\n20:D\"$21\"\n20:D{\"time\":1.0155810043215752}\n20:D\"$22\"\n20:D{\"time\":1.1496630012989044}\n20:[[\"$\",\"title\",null,{\"children\":\"404: This page could not be found.\"},\"$22\",\"$23\",1],[\"$\",\"div\",null,{\"style\":{\"fontFamily\":\"system-ui,\\\"Segoe UI\\\",Roboto,Helvetica,Arial,sans-serif,\\\"Apple Color Emoji\\\",\\\"Segoe UI Emoji\\\"\",\"height\":\"100vh\",\"textAlign\":\"center\",\"display\":\"flex\",\"flexDirection\":\"column\",\"alignItems\":\"center\",\"justifyContent\":\"center\"},\"children\":[\"$\",\"div\",null,{\"children\":[[\"$\",\"style\",null,{\"dangerouslySetInnerHTML\":{\"__html\":\"body{color:#000;background:#fff;margin:0}.next-error-h1{border-right:1px solid rgba(0,0,0,.3)}@media (prefers-color-scheme:dark){body{color:#fff;background:#000}.next-error-h1{border-right:1px solid rgba(255,255,255,.3)}}\"}},\"$22\",\"$26\",1],[\"$\",\"h1\",null,{\"className\":\"next-error-h1\",\"style\":{\"display\":\"inline-block\",\"margin\":\"0 20px 0 0\",\"padding\":\"0 23px 0 0\",\"fontSize\":24,\"fontWeight\":500,\"verticalAlign\":\"top\",\"lineHeight\":\"49px\"},\"children\":404},\"$22\",\"$27\",1],[\"$\",\"div\",null,{\"style\":{\"display\":\"inline-block\"},\"children\":[\"$\",\"h2\",null,{\"style\":{\"fontSize\":14,\"fontWeight\":400,\"lineHeight\":\"49px\",\"margin\":0},\"children\":\"This page could not be found.\"},\"$22\",\"$29\",1]},\"$22\",\"$28\",1]]},\"$22\",\"$25\",1]},\"$22\",\"$24\",1]]\nf:[\"$\",\"html\",null,{\"lang\":\"zh-CN\",\"children\":[\"$\",\"body\",null,{\"className\":\"poppins_5344c524-module__cwpmZW__variable open_sans_586293fc-module__Xmdz9G__variable antialiased\",\"children\":[\"$\",\"$L1c\",null,{\"parallelRouterKey\":\"children\",\"error\":\"$undefined\",\"errorStyles\":\"$undefined\",\"errorScripts\":\"$undefined\",\"template\":[\"$\",\"$L1e\",null,{},null,\"$1d\",1],\"templateStyles\":\"$undefined\",\"templateScripts\":\"$undefined\",\"notFound\":[\"$\",\"$La\",\"c-not-found\",{\"type\":\"not-found\",\"pagePath\":\"__next_builtin__not-found.js\",\"children\":[\"$20\",[]]},null,\"$1f\",0],\"forbidden\":\"$undefined\",\"unauthorized\":\"$undefined\",\"segmentViewBoundaries\":[[\"$\",\"$La\",null,{\"type\":\"boundary:not-found\",\"pagePath\":\"__next_builtin__not-found.js@boundary\"},null,\"$2a\",1],\"$undefined\",\"$undefined\",[\"$\",\"$La\",null,{\"type\":\"boundary:global-error\",\"pagePath\":\"__next_builtin__global-error.js\"},null,\"$2b\",1]]},null,\"$1b\",1]},\"$10\",\"$1a\",1]},\"$10\",\"$19\",1]\n31:D{\"time\":2.3067139983177185}\n31:D\"$32\"\n31:D{\"time\":2.4059979990124702}\n36:D{\"time\":2.4569980055093765}\n36:D\"$37\"\n31:[\"$\",\"div\",null,{\"className\":\"min-h-screen bg-slate-50\",\"children\":[\"$L36\",[\"$\",\"main\",null,{\"className\":\"flex items-center justify-center py-12 px-4 sm:px-6 lg:px-8\",\"children\":[\"$\",\"$L3a\",null,{},\"$32\",\"$39\",1]},\"$32\",\"$38\",1]]},\"$32\",\"$35\",1]\n3e:D{\"time\":3.246197000145912}\n3e:D\"$3f\"\n3e:D{\"time\":4.52946799993515}\n3e:[\"$\",\"$L41\",null,{\"children\":[\"$\",\"$43\",null,{\"name\":\"Next.MetadataOutlet\",\"children\":\"$@44\"},\"$3f\",\"$42\",1]},\"$3f\",\"$40\",1]\n46:D{\"time\":4.862279005348682}\n46:D\"$47\"\n46:D{\"time\":4.870554998517036}\n46:null\n49:D{\"time\":4.920549005270004}\n49:D\"$4a\"\n49:D{\"time\":4.976332999765873}\n4d:D{\"time\":5.019476003944874}\n4d:D\"$4e\"\n49:[\"$\",\"$L4c\",null,{\"children\":\"$L4d\"},\"$4a\",\"$4b\",1]\n4f:D{\"time\":5.535350002348423}\n4f:D\"$50\"\n4f:D{\"time\":5.613883003592491}\n55:D{\"time\":5.69853800535202}\n55:D\"$56\"\n4f:[\"$\",\"div\",null,{\"hidden\":true,\"children\":[\"$\",\"$L53\",null,{\"children\":[\"$\",\"$43\",null,{\"name\":\"Next.Metadata\",\"children\":\"$L55\"},\"$50\",\"$54\",1]},\"$50\",\"$52\",1]},\"$50\",\"$51\",1]\n58:[]\n"])self.__next_f.push([1,"0:{\"P\":\"$1\",\"b\":\"development\",\"c\":[\"\",\"login\"],\"q\":\"\",\"i\":false,\"f\":[[[\"\",{\"children\":[\"login\",{\"children\":[\"__PAGE__\",{}]}]},\"$undefined\",\"$undefined\",true],[[\"$\",\"$La\",\"layout\",{\"type\":\"layout\",\"pagePath\":\"layout.tsx\",\"children\":[\"$\",\"$c\",\"c\",{\"children\":[[[\"$\",\"link\",\"0\",{\"rel\":\"stylesheet\",\"href\":\"/_next/static/chunks/%5Broot-of-the-server%5D__291ba4a9._.css\",\"precedence\":\"next_static/chunks/[root-of-the-server]__291ba4a9._.css\",\"crossOrigin\":\"$undefined\",\"nonce\":\"$undefined\"},null,\"$d\",0],[\"$\",\"script\",\"script-0\",{\"src\":\"/_next/static/chunks/src_app_layout_tsx_1cf6b850._.js\",\"async\":true,\"nonce\":\"$undefined\"},null,\"$e\",0]],\"$f\"]},null,\"$b\",1]},null,\"$9\",0],{\"children\":[[\"$\",\"$c\",\"c\",{\"children\":[null,[\"$\",\"$L1c\",null,{\"parallelRouterKey\":\"children\",\"error\":\"$undefined\",\"errorStyles\":\"$undefined\",\"errorScripts\":\"$undefined\",\"template\":[\"$\",\"$L1e\",null,{},null,\"$2e\",1],\"templateStyles\":\"$undefined\",\"templateScripts\":\"$undefined\",\"notFound\":\"$undefined\",\"forbidden\":\"$undefined\",\"unauthorized\":\"$undefined\",\"segmentViewBoundaries\":[\"$undefined\",\"$undefined\",\"$undefined\",\"$undefined\"]},null,\"$2d\",1]]},null,\"$2c\",0],{\"children\":[[\"$\",\"$c\",\"c\",{\"children\":[[\"$\",\"$La\",\"c-page\",{\"type\":\"page\",\"pagePath\":\"login/page.tsx\",\"children\":\"$31\"},null,\"$30\",1],[[\"$\",\"script\",\"script-0\",{\"src\":\"/_next/static/chunks/node_modules_8f8a5b0e._.js\",\"async\":true,\"nonce\":\"$undefined\"},null,\"$3b\",0],[\"$\",\"script\",\"script-1\",{\"src\":\"/_next/static/chunks/src_73de4481._.js\",\"async\":true,\"nonce\":\"$undefined\"},null,\"$3c\",0],[\"$\",\"script\",\"script-2\",{\"src\":\"/_next/static/chunks/src_app_login_page_tsx_56483325._.js\",\"async\":true,\"nonce\":\"$undefined\"},null,\"$3d\",0]],\"$3e\"]},null,\"$2f\",0],{},null,false,false]},null,false,false]},null,false,false],[\"$\",\"$c\",\"h\",{\"children\":[\"$46\",\"$49\",\"$4f\",[\"$\",\"meta\",null,{\"name\":\"next-size-adjust\",\"content\":\"\"},null,\"$57\",1]]},null,\"$45\",0],false]],\"m\":\"$W58\",\"G\":[\"$59\",[\"$\",\"$La\",\"ge-svn\",{\"type\":\"global-error\",\"pagePath\":\"__next_builtin__global-error.js\",\"children\":[]},null,\"$5a\",0]],\"S\":false}\n"])self.__next_f.push([1,"4d:D{\"time\":8.516446001827717}\n4d:[[\"$\",\"meta\",\"0\",{\"charSet\":\"utf-8\"},\"$3f\",\"$5b\",0],[\"$\",\"meta\",\"1\",{\"name\":\"viewport\",\"content\":\"width=device-width, initial-scale=1\"},\"$3f\",\"$5c\",0]]\n44:D{\"time\":9.034933000802994}\n44:null\n55:D{\"time\":9.04271899908781}\n55:[[\"$\",\"title\",\"0\",{\"children\":\"电商 Demo - Next.js E-commerce\"},\"$3f\",\"$5d\",0],[\"$\",\"meta\",\"1\",{\"name\":\"description\",\"content\":\"现代化电商演示项目，使用 Next.js + Supabase 构建\"},\"$3f\",\"$5e\",0],[\"$\",\"link\",\"2\",{\"rel\":\"icon\",\"href\":\"/favicon.ico?favicon.0b3bf435.ico\",\"sizes\":\"256x256\",\"type\":\"image/x-icon\"},\"$3f\",\"$5f\",0],[\"$\",\"$L61\",\"3\",{},\"$3f\",\"$60\",0]]\n"])self.__next_f.push([1,"6e:I[\"[project]/node_modules/next/dist/client/app-dir/link.js [app-client] (ecmascript)\",[\"/_next/static/chunks/src_app_layout_tsx_1cf6b850._.js\",\"/_next/static/chunks/node_modules_8f8a5b0e._.js\",\"/_next/static/chunks/src_73de4481._.js\",\"/_next/static/chunks/src_app_login_page_tsx_56483325._.js\"],\"\"]\n77:\"$Sreact.forward_ref\"\n80:I[\"[project]/src/components/cart/CartBadge.tsx [app-client] (ecmascript)\",[\"/_next/static/chunks/src_app_layout_tsx_1cf6b850._.js\",\"/_next/static/chunks/node_modules_8f8a5b0e._.js\",\"/_next/static/chunks/src_73de4481._.js\",\"/_next/static/chunks/src_app_login_page_tsx_56483325._.js\"],\"CartBadge\"]\n63:[[\"Header\",\"/Users/wanghongjie/Way2AI/human3/ecommerce-demo/.next/dev/server/chunks/ssr/[root-of-the-server]__8add0075._.js\",289,174,288,1,false]]\n62:J{\"name\":\"cookies\",\"start\":2.562702998518944,\"end\":18.206923000514507,\"env\":\"Server\",\"stack\":\"$63\",\"owner\":\"$37\",\"value\":\"$@64\"}\n65:[[\"Header\",\"/Users/wanghongjie/Way2AI/human3/ecommerce-demo/.next/dev/server/chunks/ssr/[root-of-the-server]__8add0075._.js\",289,174,288,1,false]]\n64:[]\n66:[[\"Header\",\"/Users/wanghongjie/Way2AI/human3/ecommerce-demo/.next/dev/server/chunks/ssr/[root-of-the-server]__8add0075._.js\",299,263,288,1,false]]\n67:[[\"Header\",\"/Users/wanghongjie/Way2AI/human3/ecommerce-demo/.next/dev/server/chunks/ssr/[root-of-the-server]__8add0075._.js\",301,270,288,1,false]]\n68:[[\"Header\",\"/Users/wanghongjie/Way2AI/human3/ecommerce-demo/.next/dev/server/chunks/ssr/[root-of-the-server]__8add0075._.js\",303,274,288,1,false]]\n6b:{\"className\":\"font-heading text-2xl font-bold text-slate-900\",\"children\":\"电商 Demo\"}\n6c:[[\"Header\",\"/Users/wanghongjie/Way2AI/human3/ecommerce-demo/.next/dev/server/chunks/ssr/[root-of-the-server]__8add0075._.js\",309,286,288,1,false]]\n6a:{\"name\":\"LinkComponent\",\"key\":null,\"env\":\"Server\",\"owner\":\"$37\",\"stack\":[[\"Header\",\"/Users/wanghongjie/Way2AI/human3/ecommerce-demo/.next/dev/server/chunks/ssr/[root-of-the-server]__8add0075._.js\",306,272,288,1,false]],\"props\":{\"href\":\"/\",\"className\":\"flex items-center\",\"children\":[\"$\",\"h1\",null,\"$6b\",\"$37\",\"$6c\",1]}}\n6d:[]\n6f:[[\"Header\",\"/Users/wanghongjie/Way2AI/human3/ecommerce-demo/.next/dev/server/chunks/ssr/[root-of-the-server]__8add0075._.js\",309,286,288,1,false]]\n70:[[\"Header\",\"/Users/wanghongjie/Way2AI/human3/ecommerce-demo/.next/dev/server/chunks/ssr/[root-of-the-server]__8add0075._.js\",322,272,288,1,false]]\n72:{\"name\":\"LinkComponent\",\"key\":null,\"env\":\"Server\",\"owner\":\"$37\",\"stack\":[[\"Header\",\"/Users/wanghongjie/Way2AI/human3/ecommerce-demo/.next/dev/server/chunks/ssr/[root-of-the-server]__8add0075._.js\",325,280,288,1,false]],\"props\":{\"href\":\"/\",\"className\":\"text-slate-700 hover:text-slate-900 font-medium transition-colors\",\"children\":\"商品列表\"}}\n73:[]\n"])self.__next_f.push([1,"78:\"$EObject.defineProperty(({ className, variant = 'primary', size = 'md', children, disabled, ...props }, ref)=\u003e{\\n    return /*#__PURE__*/ (0, __TURBOPACK__imported__module__$5b$project$5d2f$node_modules$2f$next$2f$dist$2f$server$2f$route$2d$modules$2f$app$2d$page$2f$vendored$2f$rsc$2f$react$2d$jsx$2d$dev$2d$runtime$2e$js__$5b$app$2d$rsc$5d$__$28$ecmascript$29$__[\\\"jsxDEV\\\"])(\\\"button\\\", {\\n        ref: ref,\\n        disabled: disabled,\\n        className: (0, __TURBOPACK__imported__module__$5b$project$5d2f$src$2f$lib$2f$utils$2e$ts__$5b$app$2d$rsc$5d$__$28$ecmascript$29$__[\\\"cn\\\"])(// Base styles\\n        'inline-flex items-center justify-center font-medium transition-all duration-200', 'focus-visible:outline-none focus-visible:ring-2 focus-visible:ring-primary-500 focus-visible:ring-offset-2', 'disabled:opacity-50 disabled:cursor-not-allowed', // Soft UI Evolution shadows\\n        'shadow-[0_2px_8px_rgba(0,0,0,0.08)] hover:shadow-[0_4px_12px_rgba(0,0,0,0.12)]', 'active:shadow-[0_1px_4px_rgba(0,0,0,0.06)] active:scale-[0.98]', // Variants\\n        {\\n            'bg-primary-500 text-white hover:bg-primary-600': variant === 'primary',\\n            'bg-slate-100 text-slate-900 hover:bg-slate-200': variant === 'secondary',\\n            'border-2 border-primary-500 text-primary-500 hover:bg-primary-50': variant === 'outline',\\n            'text-slate-700 hover:bg-slate-100 shadow-none': variant === 'ghost'\\n        }, // Sizes\\n        {\\n            'text-sm px-3 py-1.5 rounded-md': size === 'sm',\\n            'text-base px-4 py-2 rounded-lg': size === 'md',\\n            'text-lg px-6 py-3 rounded-xl': size === 'lg'\\n        }, className),\\n        ...props,\\n        children: children\\n    }, void 0, false, {\\n        fileName: \\\"[project]/src/components/ui/Button.tsx\\\",\\n        lineNumber: 12,\\n        columnNumber: 7\\n    }, (\\\"TURBOPACK compile-time value\\\", void 0));\\n},\\\"name\\\",{value:\\\"Button\\\"})\"\n"])self.__next_f.push([1,"76:{\"$$typeof\":\"$77\",\"render\":\"$78\"}\n79:{\"variant\":\"secondary\",\"size\":\"sm\",\"children\":\"登录\"}\n7a:[[\"Header\",\"/Users/wanghongjie/Way2AI/human3/ecommerce-demo/.next/dev/server/chunks/ssr/[root-of-the-server]__8add0075._.js\",407,294,288,1,false]]\n75:{\"name\":\"LinkComponent\",\"key\":null,\"env\":\"Server\",\"owner\":\"$37\",\"stack\":[[\"Header\",\"/Users/wanghongjie/Way2AI/human3/ecommerce-demo/.next/dev/server/chunks/ssr/[root-of-the-server]__8add0075._.js\",405,299,288,1,false]],\"props\":{\"href\":\"/login\",\"children\":[\"$\",\"$76\",null,\"$79\",\"$37\",\"$7a\",1]}}\n7b:[]\n7d:{\"name\":\"Button\",\"key\":null,\"env\":\"Server\",\"owner\":\"$37\",\"stack\":[[\"Header\",\"/Users/wanghongjie/Way2AI/human3/ecommerce-demo/.next/dev/server/chunks/ssr/[root-of-the-server]__8add0075._.js\",407,294,288,1,false]],\"props\":\"$79\"}\n7e:[[\"Button\",\"/Users/wanghongjie/Way2AI/human3/ecommerce-demo/.next/dev/server/chunks/ssr/[root-of-the-server]__8add0075._.js\",236,263,235,247,false]]\n7f:[[\"Header\",\"/Users/wanghongjie/Way2AI/human3/ecommerce-demo/.next/dev/server/chunks/ssr/[root-of-the-server]__8add0075._.js\",421,280,288,1,false]]\n36:D{\"time\":2.6258680000901222}\n36:D{\"awaited\":\"$62\",\"env\":\"Server\",\"owner\":\"$37\",\"stack\":\"$65\"}\n36:D{\"time\":18.20771300047636}\n36:D{\"time\":23.819006003439426}\n69:D{\"time\":24.007258005440235}\n69:D\"$6a\"\n69:D{\"time\":24.080207005143166}\n69:[\"$\",\"$L6e\",null,{\"href\":\"/\",\"className\":\"flex items-center\",\"children\":[\"$\",\"h1\",null,{\"className\":\"font-heading text-2xl font-bold text-slate-900\",\"children\":\"电商 Demo\"},\"$37\",\"$6f\",1]},\"$6a\",\"$6d\",1]\n71:D{\"time\":24.23777899891138}\n71:D\"$72\"\n71:D{\"time\":24.29516600072384}\n71:[\"$\",\"$L6e\",null,{\"href\":\"/\",\"className\":\"text-slate-700 hover:text-slate-900 font-medium transition-colors\",\"children\":\"商品列表\"},\"$72\",\"$73\",1]\n74:D{\"time\":24.405864000320435}\n74:D\"$75\"\n74:D{\"time\":24.462023004889488}\n7c:D{\"time\":24.506823003292084}\n7c:D\"$7d\"\n7c:D{\"time\":24.584183000028133}\n7c:[\"$\",\"button\",null,{\"ref\":\"$undefined\",\"disabled\":\"$undefined\",\"className\":\"inline-flex items-center justify-center font-medium transition-all duration-200 focus-visible:outline-none focus-visible:ring-2 focus-visible:ring-primary-500 focus-visible:ring-offset-2 disabled:opacity-50 disabled:cursor-not-allowed shadow-[0_2px_8px_rgba(0,0,0,0.08)] hover:shadow-[0_4px_12px_rgba(0,0,0,0.12)] active:shadow-[0_1px_4px_rgba(0,0,0,0.06)] active:scale-[0.98] bg-slate-100 text-slate-900 hover:bg-slate-200 text-sm px-3 py-1.5 rounded-md\",\"children\":\"登录\"},\"$7d\",\"$7e\",1]\n74:[\"$\",\"$L6e\",null,{\"href\":\"/login\",\"children\":\"$7c\"},\"$75\",\"$7b\",1]\n36:[\"$\",\"header\",null,{\"className\":\"bg-white shadow-sm border-b border-slate-200 sticky top-0 z-50\",\"children\":[\"$\",\"div\",null,{\"className\":\"max-w-7xl mx-auto px-4 sm:px-6 lg:px-8\",\"children\":[\"$\",\"div\",null,{\"className\":\"flex items-center justify-between h-16\",\"children\":[\"$69\",[\"$\",\"nav\",null,{\"className\":\"flex items-center gap-6\",\"children\":[\"$71\",\"$74\",[\"$\",\"$L80\",null,{},\"$37\",\"$7f\",1]]},\"$37\",\"$70\",1]]},\"$37\",\"$68\",1]},\"$37\",\"$67\",1]},\"$37\",\"$66\",1]\n"])电商 Demo商品列表我的订单管理后台user@example.com退出1填写订单信息正在验证登录状态...

[1A[2K  1) [chromium] › e2e/checkout.spec.ts:7:7 › E2E Checkout Flow (Real User) › should allow user to purchase items 

    Error: [2mexpect([22m[31mlocator[39m[2m).not.[22mtoBeVisible[2m([22m[2m)[22m failed

    Locator:  getByText('正在验证登录状态...')
    Expected: not visible
    Received: visible
    Timeout:  5000ms

    Call log:
    [2m  - Expect "not toBeVisible" with timeout 5000ms[22m
    [2m  - waiting for getByText('正在验证登录状态...')[22m
    [2m    9 × locator resolved to <div class="p-8 text-center">正在验证登录状态...</div>[22m
    [2m      - unexpected value "visible"[22m


      41 |     // Wait for auth check and form to be ready
      42 |     // The form should appear after "正在验证登录状态..." disappears
    > 43 |     await expect(page.getByText('正在验证登录状态...')).not.toBeVisible({ timeout: 5000 });
         |                                                     ^
      44 |     
      45 |     // Ensure the form is rendered (not showing empty cart message)
      46 |     await expect(page.getByText('购物车为空')).not.toBeVisible();
        at /Users/wanghongjie/Way2AI/human3/ecommerce-demo/e2e/checkout.spec.ts:43:53

    Error Context: test-results/checkout-E2E-Checkout-Flow-775a6-llow-user-to-purchase-items-chromium/error-context.md


[1A[2K  1 failed
    [chromium] › e2e/checkout.spec.ts:7:7 › E2E Checkout Flow (Real User) › should allow user to purchase items 
